[0.000000] (-) TimerEvent: {}
[0.000323] (cpp_pubsub) JobQueued: {'identifier': 'cpp_pubsub', 'dependencies': OrderedDict()}
[0.000362] (my_package_class) JobQueued: {'identifier': 'my_package_class', 'dependencies': OrderedDict()}
[0.000782] (cpp_pubsub) JobStarted: {'identifier': 'cpp_pubsub'}
[0.004563] (my_package_class) JobStarted: {'identifier': 'my_package_class'}
[0.008189] (cpp_pubsub) JobProgress: {'identifier': 'cpp_pubsub', 'progress': 'cmake'}
[0.013011] (cpp_pubsub) JobProgress: {'identifier': 'cpp_pubsub', 'progress': 'build'}
[0.014200] (cpp_pubsub) Command: {'cmd': ['/usr/bin/cmake', '--build', '/home/leyla/Desktop/clase1/ejemplo1_ws/build/cpp_pubsub', '--', '-j20', '-l20'], 'cwd': '/home/leyla/Desktop/clase1/ejemplo1_ws/build/cpp_pubsub', 'env': OrderedDict([('GJS_DEBUG_TOPICS', 'JS ERROR;JS LOG'), ('LESSOPEN', '| /usr/bin/lesspipe %s'), ('USER', 'leyla'), ('XDG_SESSION_TYPE', 'wayland'), ('SHLVL', '1'), ('LD_LIBRARY_PATH', '/opt/ros/humble/opt/rviz_ogre_vendor/lib:/opt/ros/humble/lib/x86_64-linux-gnu:/opt/ros/humble/lib'), ('HOME', '/home/leyla'), ('OLDPWD', '/home/leyla'), ('DESKTOP_SESSION', 'ubuntu'), ('GIO_LAUNCHED_DESKTOP_FILE', '/usr/share/applications/terminator.desktop'), ('ROS_PYTHON_VERSION', '3'), ('GNOME_SHELL_SESSION_MODE', 'ubuntu'), ('GTK_MODULES', 'gail:atk-bridge'), ('MANAGERPID', '1197'), ('SYSTEMD_EXEC_PID', '1355'), ('DBUS_SESSION_BUS_ADDRESS', 'unix:path=/run/user/1000/bus'), ('COLORTERM', 'truecolor'), ('TERMINATOR_DBUS_NAME', 'net.tenshu.Terminator25ef4b219e3b005583550f2b0f9f990c3'), ('GIO_LAUNCHED_DESKTOP_FILE_PID', '3843'), ('IM_CONFIG_PHASE', '1'), ('WAYLAND_DISPLAY', 'wayland-0'), ('COLCON_PREFIX_PATH', '/home/leyla/Desktop/robotica_ws/install:/home/leyla/Desktop/clase1/ejemplo1_ws/install'), ('ROS_DISTRO', 'humble'), ('LOGNAME', 'leyla'), ('JOURNAL_STREAM', '8:10681'), ('_', '/usr/bin/colcon'), ('ROS_VERSION', '2'), ('XDG_SESSION_CLASS', 'user'), ('USERNAME', 'leyla'), ('TERM', 'xterm-256color'), ('GNOME_DESKTOP_SESSION_ID', 'this-is-deprecated'), ('ROS_LOCALHOST_ONLY', '0'), ('PATH', '/opt/ros/humble/bin:/usr/local/sbin:/usr/local/bin:/usr/sbin:/usr/bin:/sbin:/bin:/usr/games:/usr/local/games:/snap/bin:/snap/bin'), ('SESSION_MANAGER', 'local/leyla-Dell-G15-5530:@/tmp/.ICE-unix/1322,unix/leyla-Dell-G15-5530:/tmp/.ICE-unix/1322'), ('INVOCATION_ID', '2d4697c928a049a8b97afef84f5f4dff'), ('XDG_MENU_PREFIX', 'gnome-'), ('GNOME_SETUP_DISPLAY', ':1'), ('XDG_RUNTIME_DIR', '/run/user/1000'), ('DISPLAY', ':0'), ('TERMINATOR_DBUS_PATH', '/net/tenshu/Terminator2'), ('LANG', 'en_US.UTF-8'), ('XDG_CURRENT_DESKTOP', 'ubuntu:GNOME'), ('IBUS_DISABLE_SNOOPER', '1'), ('XMODIFIERS', '@im=ibus'), ('XDG_SESSION_DESKTOP', 'ubuntu'), ('XAUTHORITY', '/run/user/1000/.mutter-Xwaylandauth.2LJH22'), ('LS_COLORS', 'rs=0:di=01;34:ln=01;36:mh=00:pi=40;33:so=01;35:do=01;35:bd=40;33;01:cd=40;33;01:or=40;31;01:mi=00:su=37;41:sg=30;43:ca=30;41:tw=30;42:ow=34;42:st=37;44:ex=01;32:*.tar=01;31:*.tgz=01;31:*.arc=01;31:*.arj=01;31:*.taz=01;31:*.lha=01;31:*.lz4=01;31:*.lzh=01;31:*.lzma=01;31:*.tlz=01;31:*.txz=01;31:*.tzo=01;31:*.t7z=01;31:*.zip=01;31:*.z=01;31:*.dz=01;31:*.gz=01;31:*.lrz=01;31:*.lz=01;31:*.lzo=01;31:*.xz=01;31:*.zst=01;31:*.tzst=01;31:*.bz2=01;31:*.bz=01;31:*.tbz=01;31:*.tbz2=01;31:*.tz=01;31:*.deb=01;31:*.rpm=01;31:*.jar=01;31:*.war=01;31:*.ear=01;31:*.sar=01;31:*.rar=01;31:*.alz=01;31:*.ace=01;31:*.zoo=01;31:*.cpio=01;31:*.7z=01;31:*.rz=01;31:*.cab=01;31:*.wim=01;31:*.swm=01;31:*.dwm=01;31:*.esd=01;31:*.jpg=01;35:*.jpeg=01;35:*.mjpg=01;35:*.mjpeg=01;35:*.gif=01;35:*.bmp=01;35:*.pbm=01;35:*.pgm=01;35:*.ppm=01;35:*.tga=01;35:*.xbm=01;35:*.xpm=01;35:*.tif=01;35:*.tiff=01;35:*.png=01;35:*.svg=01;35:*.svgz=01;35:*.mng=01;35:*.pcx=01;35:*.mov=01;35:*.mpg=01;35:*.mpeg=01;35:*.m2v=01;35:*.mkv=01;35:*.webm=01;35:*.webp=01;35:*.ogm=01;35:*.mp4=01;35:*.m4v=01;35:*.mp4v=01;35:*.vob=01;35:*.qt=01;35:*.nuv=01;35:*.wmv=01;35:*.asf=01;35:*.rm=01;35:*.rmvb=01;35:*.flc=01;35:*.avi=01;35:*.fli=01;35:*.flv=01;35:*.gl=01;35:*.dl=01;35:*.xcf=01;35:*.xwd=01;35:*.yuv=01;35:*.cgm=01;35:*.emf=01;35:*.ogv=01;35:*.ogx=01;35:*.aac=00;36:*.au=00;36:*.flac=00;36:*.m4a=00;36:*.mid=00;36:*.midi=00;36:*.mka=00;36:*.mp3=00;36:*.mpc=00;36:*.ogg=00;36:*.ra=00;36:*.wav=00;36:*.oga=00;36:*.opus=00;36:*.spx=00;36:*.xspf=00;36:'), ('SSH_AGENT_LAUNCHER', 'gnome-keyring'), ('SSH_AUTH_SOCK', '/run/user/1000/keyring/ssh'), ('AMENT_PREFIX_PATH', '/home/leyla/Desktop/clase1/ejemplo1_ws/install/my_package_class:/home/leyla/Desktop/clase1/ejemplo1_ws/install/cpp_pubsub:/home/leyla/Desktop/robotica_ws/install/my_package_c:/home/leyla/Desktop/robotica_ws/install/my_package:/opt/ros/humble'), ('SHELL', '/bin/bash'), ('TERMINATOR_UUID', 'urn:uuid:30b55469-9964-4cc2-bd58-3c49e506dae5'), ('QT_ACCESSIBILITY', '1'), ('GDMSESSION', 'ubuntu'), ('LESSCLOSE', '/usr/bin/lesspipe %s %s'), ('GJS_DEBUG_OUTPUT', 'stderr'), ('QT_IM_MODULE', 'ibus'), ('PWD', '/home/leyla/Desktop/clase1/ejemplo1_ws/build/cpp_pubsub'), ('LC_ALL', 'en_US.UTF-8'), ('XDG_CONFIG_DIRS', '/etc/xdg/xdg-ubuntu:/etc/xdg'), ('XDG_DATA_DIRS', '/usr/share/ubuntu:/usr/local/share/:/usr/share/:/var/lib/snapd/desktop'), ('PYTHONPATH', '/home/leyla/Desktop/clase1/ejemplo1_ws/install/my_package_class/lib/python3.10/site-packages:/home/leyla/Desktop/robotica_ws/install/my_package/lib/python3.10/site-packages:/opt/ros/humble/lib/python3.10/site-packages:/opt/ros/humble/local/lib/python3.10/dist-packages'), ('COLCON', '1'), ('VTE_VERSION', '6800'), ('CMAKE_PREFIX_PATH', '/home/leyla/Desktop/clase1/ejemplo1_ws/install/cpp_pubsub:/home/leyla/Desktop/robotica_ws/install/my_package_c')]), 'shell': False}
[0.031994] (cpp_pubsub) StdoutLine: {'line': b'-- Found ament_cmake: 1.3.11 (/opt/ros/humble/share/ament_cmake/cmake)\n'}
[0.099884] (-) TimerEvent: {}
[0.105831] (cpp_pubsub) StdoutLine: {'line': b'-- Found rclcpp: 16.0.11 (/opt/ros/humble/share/rclcpp/cmake)\n'}
[0.123079] (cpp_pubsub) StdoutLine: {'line': b'-- Found rosidl_generator_c: 3.1.6 (/opt/ros/humble/share/rosidl_generator_c/cmake)\n'}
[0.124523] (cpp_pubsub) StdoutLine: {'line': b'-- Found rosidl_adapter: 3.1.6 (/opt/ros/humble/share/rosidl_adapter/cmake)\n'}
[0.128148] (cpp_pubsub) StdoutLine: {'line': b'-- Found rosidl_generator_cpp: 3.1.6 (/opt/ros/humble/share/rosidl_generator_cpp/cmake)\n'}
[0.133810] (cpp_pubsub) StdoutLine: {'line': b'-- Using all available rosidl_typesupport_c: rosidl_typesupport_fastrtps_c;rosidl_typesupport_introspection_c\n'}
[0.141531] (cpp_pubsub) StdoutLine: {'line': b'-- Using all available rosidl_typesupport_cpp: rosidl_typesupport_fastrtps_cpp;rosidl_typesupport_introspection_cpp\n'}
[0.161884] (cpp_pubsub) StdoutLine: {'line': b'-- Found rmw_implementation_cmake: 6.1.2 (/opt/ros/humble/share/rmw_implementation_cmake/cmake)\n'}
[0.162602] (cpp_pubsub) StdoutLine: {'line': b'-- Found rmw_fastrtps_cpp: 6.2.7 (/opt/ros/humble/share/rmw_fastrtps_cpp/cmake)\n'}
[0.200089] (-) TimerEvent: {}
[0.226808] (cpp_pubsub) StdoutLine: {'line': b"-- Using RMW implementation 'rmw_fastrtps_cpp' as default\n"}
[0.253701] (cpp_pubsub) StdoutLine: {'line': b'-- Found ament_lint_auto: 0.12.11 (/opt/ros/humble/share/ament_lint_auto/cmake)\n'}
[0.284578] (cpp_pubsub) StderrLine: {'line': b"Error parsing '/home/leyla/Desktop/clase1/ejemplo1_ws/src/cpp_pubsub/package.xml':\n"}
[0.298605] (my_package_class) Command: {'cmd': ['/usr/bin/python3', '-W', 'ignore:setup.py install is deprecated', '-W', 'ignore:easy_install command is deprecated', 'setup.py', 'egg_info', '--egg-base', '../../build/my_package_class', 'build', '--build-base', '/home/leyla/Desktop/clase1/ejemplo1_ws/build/my_package_class/build', 'install', '--record', '/home/leyla/Desktop/clase1/ejemplo1_ws/build/my_package_class/install.log', '--single-version-externally-managed', 'install_data'], 'cwd': '/home/leyla/Desktop/clase1/ejemplo1_ws/src/my_package_class', 'env': {'GJS_DEBUG_TOPICS': 'JS ERROR;JS LOG', 'LESSOPEN': '| /usr/bin/lesspipe %s', 'USER': 'leyla', 'XDG_SESSION_TYPE': 'wayland', 'SHLVL': '1', 'LD_LIBRARY_PATH': '/opt/ros/humble/opt/rviz_ogre_vendor/lib:/opt/ros/humble/lib/x86_64-linux-gnu:/opt/ros/humble/lib', 'HOME': '/home/leyla', 'OLDPWD': '/home/leyla', 'DESKTOP_SESSION': 'ubuntu', 'GIO_LAUNCHED_DESKTOP_FILE': '/usr/share/applications/terminator.desktop', 'ROS_PYTHON_VERSION': '3', 'GNOME_SHELL_SESSION_MODE': 'ubuntu', 'GTK_MODULES': 'gail:atk-bridge', 'MANAGERPID': '1197', 'SYSTEMD_EXEC_PID': '1355', 'DBUS_SESSION_BUS_ADDRESS': 'unix:path=/run/user/1000/bus', 'COLORTERM': 'truecolor', 'TERMINATOR_DBUS_NAME': 'net.tenshu.Terminator25ef4b219e3b005583550f2b0f9f990c3', 'GIO_LAUNCHED_DESKTOP_FILE_PID': '3843', 'IM_CONFIG_PHASE': '1', 'WAYLAND_DISPLAY': 'wayland-0', 'COLCON_PREFIX_PATH': '/home/leyla/Desktop/robotica_ws/install:/home/leyla/Desktop/clase1/ejemplo1_ws/install', 'ROS_DISTRO': 'humble', 'LOGNAME': 'leyla', 'JOURNAL_STREAM': '8:10681', '_': '/usr/bin/colcon', 'ROS_VERSION': '2', 'XDG_SESSION_CLASS': 'user', 'USERNAME': 'leyla', 'TERM': 'xterm-256color', 'GNOME_DESKTOP_SESSION_ID': 'this-is-deprecated', 'ROS_LOCALHOST_ONLY': '0', 'PATH': '/opt/ros/humble/bin:/usr/local/sbin:/usr/local/bin:/usr/sbin:/usr/bin:/sbin:/bin:/usr/games:/usr/local/games:/snap/bin:/snap/bin', 'SESSION_MANAGER': 'local/leyla-Dell-G15-5530:@/tmp/.ICE-unix/1322,unix/leyla-Dell-G15-5530:/tmp/.ICE-unix/1322', 'INVOCATION_ID': '2d4697c928a049a8b97afef84f5f4dff', 'XDG_MENU_PREFIX': 'gnome-', 'GNOME_SETUP_DISPLAY': ':1', 'XDG_RUNTIME_DIR': '/run/user/1000', 'DISPLAY': ':0', 'TERMINATOR_DBUS_PATH': '/net/tenshu/Terminator2', 'LANG': 'en_US.UTF-8', 'XDG_CURRENT_DESKTOP': 'ubuntu:GNOME', 'IBUS_DISABLE_SNOOPER': '1', 'XMODIFIERS': '@im=ibus', 'XDG_SESSION_DESKTOP': 'ubuntu', 'XAUTHORITY': '/run/user/1000/.mutter-Xwaylandauth.2LJH22', 'LS_COLORS': 'rs=0:di=01;34:ln=01;36:mh=00:pi=40;33:so=01;35:do=01;35:bd=40;33;01:cd=40;33;01:or=40;31;01:mi=00:su=37;41:sg=30;43:ca=30;41:tw=30;42:ow=34;42:st=37;44:ex=01;32:*.tar=01;31:*.tgz=01;31:*.arc=01;31:*.arj=01;31:*.taz=01;31:*.lha=01;31:*.lz4=01;31:*.lzh=01;31:*.lzma=01;31:*.tlz=01;31:*.txz=01;31:*.tzo=01;31:*.t7z=01;31:*.zip=01;31:*.z=01;31:*.dz=01;31:*.gz=01;31:*.lrz=01;31:*.lz=01;31:*.lzo=01;31:*.xz=01;31:*.zst=01;31:*.tzst=01;31:*.bz2=01;31:*.bz=01;31:*.tbz=01;31:*.tbz2=01;31:*.tz=01;31:*.deb=01;31:*.rpm=01;31:*.jar=01;31:*.war=01;31:*.ear=01;31:*.sar=01;31:*.rar=01;31:*.alz=01;31:*.ace=01;31:*.zoo=01;31:*.cpio=01;31:*.7z=01;31:*.rz=01;31:*.cab=01;31:*.wim=01;31:*.swm=01;31:*.dwm=01;31:*.esd=01;31:*.jpg=01;35:*.jpeg=01;35:*.mjpg=01;35:*.mjpeg=01;35:*.gif=01;35:*.bmp=01;35:*.pbm=01;35:*.pgm=01;35:*.ppm=01;35:*.tga=01;35:*.xbm=01;35:*.xpm=01;35:*.tif=01;35:*.tiff=01;35:*.png=01;35:*.svg=01;35:*.svgz=01;35:*.mng=01;35:*.pcx=01;35:*.mov=01;35:*.mpg=01;35:*.mpeg=01;35:*.m2v=01;35:*.mkv=01;35:*.webm=01;35:*.webp=01;35:*.ogm=01;35:*.mp4=01;35:*.m4v=01;35:*.mp4v=01;35:*.vob=01;35:*.qt=01;35:*.nuv=01;35:*.wmv=01;35:*.asf=01;35:*.rm=01;35:*.rmvb=01;35:*.flc=01;35:*.avi=01;35:*.fli=01;35:*.flv=01;35:*.gl=01;35:*.dl=01;35:*.xcf=01;35:*.xwd=01;35:*.yuv=01;35:*.cgm=01;35:*.emf=01;35:*.ogv=01;35:*.ogx=01;35:*.aac=00;36:*.au=00;36:*.flac=00;36:*.m4a=00;36:*.mid=00;36:*.midi=00;36:*.mka=00;36:*.mp3=00;36:*.mpc=00;36:*.ogg=00;36:*.ra=00;36:*.wav=00;36:*.oga=00;36:*.opus=00;36:*.spx=00;36:*.xspf=00;36:', 'SSH_AGENT_LAUNCHER': 'gnome-keyring', 'SSH_AUTH_SOCK': '/run/user/1000/keyring/ssh', 'AMENT_PREFIX_PATH': '/home/leyla/Desktop/clase1/ejemplo1_ws/install/my_package_class:/home/leyla/Desktop/clase1/ejemplo1_ws/install/cpp_pubsub:/home/leyla/Desktop/robotica_ws/install/my_package_c:/home/leyla/Desktop/robotica_ws/install/my_package:/opt/ros/humble', 'SHELL': '/bin/bash', 'TERMINATOR_UUID': 'urn:uuid:30b55469-9964-4cc2-bd58-3c49e506dae5', 'QT_ACCESSIBILITY': '1', 'GDMSESSION': 'ubuntu', 'LESSCLOSE': '/usr/bin/lesspipe %s %s', 'GJS_DEBUG_OUTPUT': 'stderr', 'QT_IM_MODULE': 'ibus', 'PWD': '/home/leyla/Desktop/clase1/ejemplo1_ws/build/my_package_class', 'LC_ALL': 'en_US.UTF-8', 'XDG_CONFIG_DIRS': '/etc/xdg/xdg-ubuntu:/etc/xdg', 'XDG_DATA_DIRS': '/usr/share/ubuntu:/usr/local/share/:/usr/share/:/var/lib/snapd/desktop', 'PYTHONPATH': '/home/leyla/Desktop/clase1/ejemplo1_ws/build/my_package_class/prefix_override:/usr/lib/python3/dist-packages/colcon_core/task/python/colcon_distutils_commands:/home/leyla/Desktop/clase1/ejemplo1_ws/install/my_package_class/lib/python3.10/site-packages:/home/leyla/Desktop/clase1/ejemplo1_ws/install/my_package_class/lib/python3.10/site-packages:/home/leyla/Desktop/robotica_ws/install/my_package/lib/python3.10/site-packages:/opt/ros/humble/lib/python3.10/site-packages:/opt/ros/humble/local/lib/python3.10/dist-packages', 'COLCON': '1', 'VTE_VERSION': '6800', 'CMAKE_PREFIX_PATH': '/home/leyla/Desktop/clase1/ejemplo1_ws/install/cpp_pubsub:/home/leyla/Desktop/robotica_ws/install/my_package_c'}, 'shell': False}
[0.300146] (-) TimerEvent: {}
[0.313810] (cpp_pubsub) StderrLine: {'line': b'Traceback (most recent call last):\n'}
[0.314074] (cpp_pubsub) StderrLine: {'line': b'  File "/usr/lib/python3/dist-packages/catkin_pkg/package.py", line 610, in parse_package_string\n'}
[0.314160] (cpp_pubsub) StderrLine: {'line': b'    root = dom.parseString(data)\n'}
[0.314229] (cpp_pubsub) StderrLine: {'line': b'  File "/usr/lib/python3.10/xml/dom/minidom.py", line 2000, in parseString\n'}
[0.314292] (cpp_pubsub) StderrLine: {'line': b'    return expatbuilder.parseString(string)\n'}
[0.314348] (cpp_pubsub) StderrLine: {'line': b'  File "/usr/lib/python3.10/xml/dom/expatbuilder.py", line 925, in parseString\n'}
[0.314413] (cpp_pubsub) StderrLine: {'line': b'    return builder.parseString(string)\n'}
[0.314467] (cpp_pubsub) StderrLine: {'line': b'  File "/usr/lib/python3.10/xml/dom/expatbuilder.py", line 223, in parseString\n'}
[0.314521] (cpp_pubsub) StderrLine: {'line': b'    parser.Parse(string, True)\n'}
[0.314575] (cpp_pubsub) StderrLine: {'line': b'xml.parsers.expat.ExpatError: XML or text declaration not at start of entity: line 4, column 0\n'}
[0.314629] (cpp_pubsub) StderrLine: {'line': b'\n'}
[0.314681] (cpp_pubsub) StderrLine: {'line': b'During handling of the above exception, another exception occurred:\n'}
[0.314734] (cpp_pubsub) StderrLine: {'line': b'\n'}
[0.314786] (cpp_pubsub) StderrLine: {'line': b'Traceback (most recent call last):\n'}
[0.314846] (cpp_pubsub) StderrLine: {'line': b'  File "/opt/ros/humble/share/ament_cmake_core/cmake/core/package_xml_2_cmake.py", line 150, in <module>\n'}
[0.314904] (cpp_pubsub) StderrLine: {'line': b'    main()\n'}
[0.314962] (cpp_pubsub) StderrLine: {'line': b'  File "/opt/ros/humble/share/ament_cmake_core/cmake/core/package_xml_2_cmake.py", line 53, in main\n'}
[0.315016] (cpp_pubsub) StderrLine: {'line': b'    raise e\n'}
[0.315069] (cpp_pubsub) StderrLine: {'line': b'  File "/opt/ros/humble/share/ament_cmake_core/cmake/core/package_xml_2_cmake.py", line 49, in main\n'}
[0.315122] (cpp_pubsub) StderrLine: {'line': b'    package = parse_package_string(\n'}
[0.315175] (cpp_pubsub) StderrLine: {'line': b'  File "/usr/lib/python3/dist-packages/catkin_pkg/package.py", line 612, in parse_package_string\n'}
[0.315227] (cpp_pubsub) StderrLine: {'line': b"    raise InvalidPackage('The manifest contains invalid XML:\\n%s' % ex, filename)\n"}
[0.315280] (cpp_pubsub) StderrLine: {'line': b"catkin_pkg.package.InvalidPackage: Error(s) in package '/home/leyla/Desktop/clase1/ejemplo1_ws/src/cpp_pubsub/package.xml':\n"}
[0.315334] (cpp_pubsub) StderrLine: {'line': b'The manifest contains invalid XML:\n'}
[0.315387] (cpp_pubsub) StderrLine: {'line': b'XML or text declaration not at start of entity: line 4, column 0\n'}
[0.322866] (cpp_pubsub) StderrLine: {'line': b'\x1b[31mCMake Error at /opt/ros/humble/share/ament_cmake_core/cmake/core/ament_package_xml.cmake:95 (message):\n'}
[0.323015] (cpp_pubsub) StderrLine: {'line': b'  execute_process(/usr/bin/python3\n'}
[0.323080] (cpp_pubsub) StderrLine: {'line': b'  /opt/ros/humble/share/ament_cmake_core/cmake/core/package_xml_2_cmake.py\n'}
[0.323224] (cpp_pubsub) StderrLine: {'line': b'  /home/leyla/Desktop/clase1/ejemplo1_ws/src/cpp_pubsub/package.xml\n'}
[0.323296] (cpp_pubsub) StderrLine: {'line': b'  /home/leyla/Desktop/clase1/ejemplo1_ws/build/cpp_pubsub/ament_cmake_core/package.cmake)\n'}
[0.323355] (cpp_pubsub) StderrLine: {'line': b'  returned error code 1\n'}
[0.323410] (cpp_pubsub) StderrLine: {'line': b'Call Stack (most recent call first):\n'}
[0.323476] (cpp_pubsub) StderrLine: {'line': b'  /opt/ros/humble/share/ament_cmake_core/cmake/core/ament_package_xml.cmake:49 (_ament_package_xml)\n'}
[0.323531] (cpp_pubsub) StderrLine: {'line': b'  /opt/ros/humble/share/ament_lint_auto/cmake/ament_lint_auto_find_test_dependencies.cmake:31 (ament_package_xml)\n'}
[0.323584] (cpp_pubsub) StderrLine: {'line': b'  CMakeLists.txt:43 (ament_lint_auto_find_test_dependencies)\n'}
[0.323637] (cpp_pubsub) StderrLine: {'line': b'\n'}
[0.323690] (cpp_pubsub) StderrLine: {'line': b'\x1b[0m\n'}
[0.323743] (cpp_pubsub) StdoutLine: {'line': b'-- Configuring incomplete, errors occurred!\n'}
[0.323816] (cpp_pubsub) StdoutLine: {'line': b'See also "/home/leyla/Desktop/clase1/ejemplo1_ws/build/cpp_pubsub/CMakeFiles/CMakeOutput.log".\n'}
[0.327812] (cpp_pubsub) StderrLine: {'line': b'gmake: *** [Makefile:267: cmake_check_build_system] Error 1\n'}
[0.329128] (cpp_pubsub) CommandEnded: {'returncode': 2}
[0.329415] (cpp_pubsub) JobEnded: {'identifier': 'cpp_pubsub', 'rc': 2}
[0.400250] (-) TimerEvent: {}
[0.412168] (my_package_class) StdoutLine: {'line': b'running egg_info\n'}
[0.412402] (my_package_class) StdoutLine: {'line': b'writing ../../build/my_package_class/my_package_class.egg-info/PKG-INFO\n'}
[0.412523] (my_package_class) StdoutLine: {'line': b'writing dependency_links to ../../build/my_package_class/my_package_class.egg-info/dependency_links.txt\n'}
[0.412618] (my_package_class) StdoutLine: {'line': b'writing entry points to ../../build/my_package_class/my_package_class.egg-info/entry_points.txt\n'}
[0.412650] (my_package_class) StdoutLine: {'line': b'writing requirements to ../../build/my_package_class/my_package_class.egg-info/requires.txt\n'}
[0.412679] (my_package_class) StdoutLine: {'line': b'writing top-level names to ../../build/my_package_class/my_package_class.egg-info/top_level.txt\n'}
[0.413570] (my_package_class) StdoutLine: {'line': b"reading manifest file '../../build/my_package_class/my_package_class.egg-info/SOURCES.txt'\n"}
[0.413857] (my_package_class) StdoutLine: {'line': b"adding license file 'LICENSE'\n"}
[0.414177] (my_package_class) StdoutLine: {'line': b"writing manifest file '../../build/my_package_class/my_package_class.egg-info/SOURCES.txt'\n"}
[0.414207] (my_package_class) StdoutLine: {'line': b'running build\n'}
[0.414236] (my_package_class) StdoutLine: {'line': b'running build_py\n'}
[0.414399] (my_package_class) StdoutLine: {'line': b'running install\n'}
[0.414538] (my_package_class) StdoutLine: {'line': b'running install_lib\n'}
[0.415149] (my_package_class) StdoutLine: {'line': b'running install_data\n'}
[0.415242] (my_package_class) StdoutLine: {'line': b'running install_egg_info\n'}
[0.416010] (my_package_class) StdoutLine: {'line': b"removing '/home/leyla/Desktop/clase1/ejemplo1_ws/install/my_package_class/lib/python3.10/site-packages/my_package_class-0.0.0-py3.10.egg-info' (and everything under it)\n"}
[0.416088] (my_package_class) StdoutLine: {'line': b'Copying ../../build/my_package_class/my_package_class.egg-info to /home/leyla/Desktop/clase1/ejemplo1_ws/install/my_package_class/lib/python3.10/site-packages/my_package_class-0.0.0-py3.10.egg-info\n'}
[0.416353] (my_package_class) StdoutLine: {'line': b'running install_scripts\n'}
[0.427117] (my_package_class) StdoutLine: {'line': b'Installing ps script to /home/leyla/Desktop/clase1/ejemplo1_ws/install/my_package_class/lib/my_package_class\n'}
[0.427184] (my_package_class) StdoutLine: {'line': b'Installing pub script to /home/leyla/Desktop/clase1/ejemplo1_ws/install/my_package_class/lib/my_package_class\n'}
[0.427216] (my_package_class) StdoutLine: {'line': b'Installing s_test script to /home/leyla/Desktop/clase1/ejemplo1_ws/install/my_package_class/lib/my_package_class\n'}
[0.427287] (my_package_class) StdoutLine: {'line': b'Installing sub script to /home/leyla/Desktop/clase1/ejemplo1_ws/install/my_package_class/lib/my_package_class\n'}
[0.427376] (my_package_class) StdoutLine: {'line': b"writing list of installed files to '/home/leyla/Desktop/clase1/ejemplo1_ws/build/my_package_class/install.log'\n"}
[0.438899] (my_package_class) JobEnded: {'identifier': 'my_package_class', 'rc': 'SIGINT'}
[0.439512] (-) EventReactorShutdown: {}
