[0.000000] (-) TimerEvent: {}
[0.000155] (cpp_pubsub) JobQueued: {'identifier': 'cpp_pubsub', 'dependencies': OrderedDict()}
[0.000185] (my_package_class) JobQueued: {'identifier': 'my_package_class', 'dependencies': OrderedDict()}
[0.000609] (cpp_pubsub) JobStarted: {'identifier': 'cpp_pubsub'}
[0.004665] (my_package_class) JobStarted: {'identifier': 'my_package_class'}
[0.008897] (cpp_pubsub) JobProgress: {'identifier': 'cpp_pubsub', 'progress': 'cmake'}
[0.013263] (cpp_pubsub) JobProgress: {'identifier': 'cpp_pubsub', 'progress': 'build'}
[0.014264] (cpp_pubsub) Command: {'cmd': ['/usr/bin/cmake', '--build', '/home/leyla/Desktop/clase1/ejemplo1_ws/build/cpp_pubsub', '--', '-j20', '-l20'], 'cwd': '/home/leyla/Desktop/clase1/ejemplo1_ws/build/cpp_pubsub', 'env': OrderedDict([('GJS_DEBUG_TOPICS', 'JS ERROR;JS LOG'), ('LESSOPEN', '| /usr/bin/lesspipe %s'), ('USER', 'leyla'), ('XDG_SESSION_TYPE', 'wayland'), ('SHLVL', '1'), ('LD_LIBRARY_PATH', '/opt/ros/humble/opt/rviz_ogre_vendor/lib:/opt/ros/humble/lib/x86_64-linux-gnu:/opt/ros/humble/lib'), ('HOME', '/home/leyla'), ('OLDPWD', '/home/leyla/Desktop/clase1/ejemplo1_ws/src'), ('DESKTOP_SESSION', 'ubuntu'), ('GIO_LAUNCHED_DESKTOP_FILE', '/usr/share/applications/terminator.desktop'), ('ROS_PYTHON_VERSION', '3'), ('GNOME_SHELL_SESSION_MODE', 'ubuntu'), ('GTK_MODULES', 'gail:atk-bridge'), ('MANAGERPID', '1194'), ('SYSTEMD_EXEC_PID', '1351'), ('DBUS_SESSION_BUS_ADDRESS', 'unix:path=/run/user/1000/bus'), ('COLORTERM', 'truecolor'), ('TERMINATOR_DBUS_NAME', 'net.tenshu.Terminator25ef4b219e3b005583550f2b0f9f990c3'), ('GIO_LAUNCHED_DESKTOP_FILE_PID', '4556'), ('IM_CONFIG_PHASE', '1'), ('WAYLAND_DISPLAY', 'wayland-0'), ('COLCON_PREFIX_PATH', '/home/leyla/Desktop/robotica_ws/install:/home/leyla/Desktop/clase1/ejemplo1_ws/install'), ('ROS_DISTRO', 'humble'), ('LOGNAME', 'leyla'), ('JOURNAL_STREAM', '8:6690'), ('_', '/usr/bin/colcon'), ('ROS_VERSION', '2'), ('XDG_SESSION_CLASS', 'user'), ('USERNAME', 'leyla'), ('TERM', 'xterm-256color'), ('GNOME_DESKTOP_SESSION_ID', 'this-is-deprecated'), ('ROS_LOCALHOST_ONLY', '0'), ('PATH', '/opt/ros/humble/bin:/usr/local/sbin:/usr/local/bin:/usr/sbin:/usr/bin:/sbin:/bin:/usr/games:/usr/local/games:/snap/bin:/snap/bin'), ('SESSION_MANAGER', 'local/leyla-Dell-G15-5530:@/tmp/.ICE-unix/1319,unix/leyla-Dell-G15-5530:/tmp/.ICE-unix/1319'), ('INVOCATION_ID', '9540ca795c494a5db28b490bf04486d2'), ('XDG_MENU_PREFIX', 'gnome-'), ('GNOME_SETUP_DISPLAY', ':1'), ('XDG_RUNTIME_DIR', '/run/user/1000'), ('DISPLAY', ':0'), ('TERMINATOR_DBUS_PATH', '/net/tenshu/Terminator2'), ('LANG', 'en_US.UTF-8'), ('XDG_CURRENT_DESKTOP', 'ubuntu:GNOME'), ('IBUS_DISABLE_SNOOPER', '1'), ('XMODIFIERS', '@im=ibus'), ('XDG_SESSION_DESKTOP', 'ubuntu'), ('XAUTHORITY', '/run/user/1000/.mutter-Xwaylandauth.0XUK22'), ('LS_COLORS', 'rs=0:di=01;34:ln=01;36:mh=00:pi=40;33:so=01;35:do=01;35:bd=40;33;01:cd=40;33;01:or=40;31;01:mi=00:su=37;41:sg=30;43:ca=30;41:tw=30;42:ow=34;42:st=37;44:ex=01;32:*.tar=01;31:*.tgz=01;31:*.arc=01;31:*.arj=01;31:*.taz=01;31:*.lha=01;31:*.lz4=01;31:*.lzh=01;31:*.lzma=01;31:*.tlz=01;31:*.txz=01;31:*.tzo=01;31:*.t7z=01;31:*.zip=01;31:*.z=01;31:*.dz=01;31:*.gz=01;31:*.lrz=01;31:*.lz=01;31:*.lzo=01;31:*.xz=01;31:*.zst=01;31:*.tzst=01;31:*.bz2=01;31:*.bz=01;31:*.tbz=01;31:*.tbz2=01;31:*.tz=01;31:*.deb=01;31:*.rpm=01;31:*.jar=01;31:*.war=01;31:*.ear=01;31:*.sar=01;31:*.rar=01;31:*.alz=01;31:*.ace=01;31:*.zoo=01;31:*.cpio=01;31:*.7z=01;31:*.rz=01;31:*.cab=01;31:*.wim=01;31:*.swm=01;31:*.dwm=01;31:*.esd=01;31:*.jpg=01;35:*.jpeg=01;35:*.mjpg=01;35:*.mjpeg=01;35:*.gif=01;35:*.bmp=01;35:*.pbm=01;35:*.pgm=01;35:*.ppm=01;35:*.tga=01;35:*.xbm=01;35:*.xpm=01;35:*.tif=01;35:*.tiff=01;35:*.png=01;35:*.svg=01;35:*.svgz=01;35:*.mng=01;35:*.pcx=01;35:*.mov=01;35:*.mpg=01;35:*.mpeg=01;35:*.m2v=01;35:*.mkv=01;35:*.webm=01;35:*.webp=01;35:*.ogm=01;35:*.mp4=01;35:*.m4v=01;35:*.mp4v=01;35:*.vob=01;35:*.qt=01;35:*.nuv=01;35:*.wmv=01;35:*.asf=01;35:*.rm=01;35:*.rmvb=01;35:*.flc=01;35:*.avi=01;35:*.fli=01;35:*.flv=01;35:*.gl=01;35:*.dl=01;35:*.xcf=01;35:*.xwd=01;35:*.yuv=01;35:*.cgm=01;35:*.emf=01;35:*.ogv=01;35:*.ogx=01;35:*.aac=00;36:*.au=00;36:*.flac=00;36:*.m4a=00;36:*.mid=00;36:*.midi=00;36:*.mka=00;36:*.mp3=00;36:*.mpc=00;36:*.ogg=00;36:*.ra=00;36:*.wav=00;36:*.oga=00;36:*.opus=00;36:*.spx=00;36:*.xspf=00;36:'), ('SSH_AGENT_LAUNCHER', 'gnome-keyring'), ('SSH_AUTH_SOCK', '/run/user/1000/keyring/ssh'), ('AMENT_PREFIX_PATH', '/home/leyla/Desktop/clase1/ejemplo1_ws/install/cpp_pubsub:/home/leyla/Desktop/clase1/ejemplo1_ws/install/my_package_class:/home/leyla/Desktop/robotica_ws/install/my_package_c:/home/leyla/Desktop/robotica_ws/install/my_package:/opt/ros/humble'), ('SHELL', '/bin/bash'), ('TERMINATOR_UUID', 'urn:uuid:c49b176e-b87f-4532-86f9-a5a70c33ea8d'), ('QT_ACCESSIBILITY', '1'), ('GDMSESSION', 'ubuntu'), ('LESSCLOSE', '/usr/bin/lesspipe %s %s'), ('GJS_DEBUG_OUTPUT', 'stderr'), ('QT_IM_MODULE', 'ibus'), ('PWD', '/home/leyla/Desktop/clase1/ejemplo1_ws/build/cpp_pubsub'), ('LC_ALL', 'en_US.UTF-8'), ('XDG_CONFIG_DIRS', '/etc/xdg/xdg-ubuntu:/etc/xdg'), ('XDG_DATA_DIRS', '/usr/share/ubuntu:/usr/local/share/:/usr/share/:/var/lib/snapd/desktop'), ('PYTHONPATH', '/home/leyla/Desktop/clase1/ejemplo1_ws/install/my_package_class/lib/python3.10/site-packages:/home/leyla/Desktop/robotica_ws/install/my_package/lib/python3.10/site-packages:/opt/ros/humble/lib/python3.10/site-packages:/opt/ros/humble/local/lib/python3.10/dist-packages'), ('COLCON', '1'), ('VTE_VERSION', '6800'), ('CMAKE_PREFIX_PATH', '/home/leyla/Desktop/clase1/ejemplo1_ws/install/cpp_pubsub:/home/leyla/Desktop/robotica_ws/install/my_package_c')]), 'shell': False}
[0.037220] (cpp_pubsub) StdoutLine: {'line': b'-- Found ament_cmake: 1.3.11 (/opt/ros/humble/share/ament_cmake/cmake)\n'}
[0.099949] (-) TimerEvent: {}
[0.128371] (cpp_pubsub) StdoutLine: {'line': b'-- Found rclcpp: 16.0.11 (/opt/ros/humble/share/rclcpp/cmake)\n'}
[0.153822] (cpp_pubsub) StdoutLine: {'line': b'-- Found rosidl_generator_c: 3.1.6 (/opt/ros/humble/share/rosidl_generator_c/cmake)\n'}
[0.156067] (cpp_pubsub) StdoutLine: {'line': b'-- Found rosidl_adapter: 3.1.6 (/opt/ros/humble/share/rosidl_adapter/cmake)\n'}
[0.160554] (cpp_pubsub) StdoutLine: {'line': b'-- Found rosidl_generator_cpp: 3.1.6 (/opt/ros/humble/share/rosidl_generator_cpp/cmake)\n'}
[0.167839] (cpp_pubsub) StdoutLine: {'line': b'-- Using all available rosidl_typesupport_c: rosidl_typesupport_fastrtps_c;rosidl_typesupport_introspection_c\n'}
[0.177354] (cpp_pubsub) StdoutLine: {'line': b'-- Using all available rosidl_typesupport_cpp: rosidl_typesupport_fastrtps_cpp;rosidl_typesupport_introspection_cpp\n'}
[0.200097] (-) TimerEvent: {}
[0.202485] (cpp_pubsub) StdoutLine: {'line': b'-- Found rmw_implementation_cmake: 6.1.2 (/opt/ros/humble/share/rmw_implementation_cmake/cmake)\n'}
[0.203572] (cpp_pubsub) StdoutLine: {'line': b'-- Found rmw_fastrtps_cpp: 6.2.7 (/opt/ros/humble/share/rmw_fastrtps_cpp/cmake)\n'}
[0.271015] (cpp_pubsub) StdoutLine: {'line': b"-- Using RMW implementation 'rmw_fastrtps_cpp' as default\n"}
[0.300259] (-) TimerEvent: {}
[0.304098] (cpp_pubsub) StdoutLine: {'line': b'-- Found ament_lint_auto: 0.12.11 (/opt/ros/humble/share/ament_lint_auto/cmake)\n'}
[0.338752] (cpp_pubsub) StderrLine: {'line': b"Error parsing '/home/leyla/Desktop/clase1/ejemplo1_ws/src/cpp_pubsub/package.xml':\n"}
[0.368829] (cpp_pubsub) StderrLine: {'line': b'Traceback (most recent call last):\n'}
[0.369012] (cpp_pubsub) StderrLine: {'line': b'  File "/usr/lib/python3/dist-packages/catkin_pkg/package.py", line 610, in parse_package_string\n'}
[0.369348] (cpp_pubsub) StderrLine: {'line': b'    root = dom.parseString(data)\n'}
[0.369504] (cpp_pubsub) StderrLine: {'line': b'  File "/usr/lib/python3.10/xml/dom/minidom.py", line 2000, in parseString\n'}
[0.369583] (cpp_pubsub) StderrLine: {'line': b'    return expatbuilder.parseString(string)\n'}
[0.369658] (cpp_pubsub) StderrLine: {'line': b'  File "/usr/lib/python3.10/xml/dom/expatbuilder.py", line 925, in parseString\n'}
[0.369729] (cpp_pubsub) StderrLine: {'line': b'    return builder.parseString(string)\n'}
[0.369798] (cpp_pubsub) StderrLine: {'line': b'  File "/usr/lib/python3.10/xml/dom/expatbuilder.py", line 223, in parseString\n'}
[0.369881] (cpp_pubsub) StderrLine: {'line': b'    parser.Parse(string, True)\n'}
[0.369950] (cpp_pubsub) StderrLine: {'line': b'xml.parsers.expat.ExpatError: XML or text declaration not at start of entity: line 4, column 0\n'}
[0.370020] (cpp_pubsub) StderrLine: {'line': b'\n'}
[0.370096] (cpp_pubsub) StderrLine: {'line': b'During handling of the above exception, another exception occurred:\n'}
[0.370170] (cpp_pubsub) StderrLine: {'line': b'\n'}
[0.370236] (cpp_pubsub) StderrLine: {'line': b'Traceback (most recent call last):\n'}
[0.370301] (cpp_pubsub) StderrLine: {'line': b'  File "/opt/ros/humble/share/ament_cmake_core/cmake/core/package_xml_2_cmake.py", line 150, in <module>\n'}
[0.370367] (cpp_pubsub) StderrLine: {'line': b'    main()\n'}
[0.370433] (cpp_pubsub) StderrLine: {'line': b'  File "/opt/ros/humble/share/ament_cmake_core/cmake/core/package_xml_2_cmake.py", line 53, in main\n'}
[0.370500] (cpp_pubsub) StderrLine: {'line': b'    raise e\n'}
[0.370567] (cpp_pubsub) StderrLine: {'line': b'  File "/opt/ros/humble/share/ament_cmake_core/cmake/core/package_xml_2_cmake.py", line 49, in main\n'}
[0.370633] (cpp_pubsub) StderrLine: {'line': b'    package = parse_package_string(\n'}
[0.370699] (cpp_pubsub) StderrLine: {'line': b'  File "/usr/lib/python3/dist-packages/catkin_pkg/package.py", line 612, in parse_package_string\n'}
[0.370764] (cpp_pubsub) StderrLine: {'line': b"    raise InvalidPackage('The manifest contains invalid XML:\\n%s' % ex, filename)\n"}
[0.370830] (cpp_pubsub) StderrLine: {'line': b"catkin_pkg.package.InvalidPackage: Error(s) in package '/home/leyla/Desktop/clase1/ejemplo1_ws/src/cpp_pubsub/package.xml':\n"}
[0.370896] (cpp_pubsub) StderrLine: {'line': b'The manifest contains invalid XML:\n'}
[0.370961] (cpp_pubsub) StderrLine: {'line': b'XML or text declaration not at start of entity: line 4, column 0\n'}
[0.378164] (cpp_pubsub) StderrLine: {'line': b'\x1b[31mCMake Error at /opt/ros/humble/share/ament_cmake_core/cmake/core/ament_package_xml.cmake:95 (message):\n'}
[0.378407] (cpp_pubsub) StderrLine: {'line': b'  execute_process(/usr/bin/python3\n'}
[0.378481] (cpp_pubsub) StderrLine: {'line': b'  /opt/ros/humble/share/ament_cmake_core/cmake/core/package_xml_2_cmake.py\n'}
[0.378545] (cpp_pubsub) StderrLine: {'line': b'  /home/leyla/Desktop/clase1/ejemplo1_ws/src/cpp_pubsub/package.xml\n'}
[0.378608] (cpp_pubsub) StderrLine: {'line': b'  /home/leyla/Desktop/clase1/ejemplo1_ws/build/cpp_pubsub/ament_cmake_core/package.cmake)\n'}
[0.378669] (cpp_pubsub) StderrLine: {'line': b'  returned error code 1\n'}
[0.378728] (cpp_pubsub) StderrLine: {'line': b'Call Stack (most recent call first):\n'}
[0.378788] (cpp_pubsub) StderrLine: {'line': b'  /opt/ros/humble/share/ament_cmake_core/cmake/core/ament_package_xml.cmake:49 (_ament_package_xml)\n'}
[0.378848] (cpp_pubsub) StderrLine: {'line': b'  /opt/ros/humble/share/ament_lint_auto/cmake/ament_lint_auto_find_test_dependencies.cmake:31 (ament_package_xml)\n'}
[0.378907] (cpp_pubsub) StderrLine: {'line': b'  CMakeLists.txt:43 (ament_lint_auto_find_test_dependencies)\n'}
[0.378966] (cpp_pubsub) StderrLine: {'line': b'\n'}
[0.379026] (cpp_pubsub) StderrLine: {'line': b'\x1b[0m\n'}
[0.379094] (cpp_pubsub) StdoutLine: {'line': b'-- Configuring incomplete, errors occurred!\n'}
[0.379166] (cpp_pubsub) StdoutLine: {'line': b'See also "/home/leyla/Desktop/clase1/ejemplo1_ws/build/cpp_pubsub/CMakeFiles/CMakeOutput.log".\n'}
[0.383420] (cpp_pubsub) StderrLine: {'line': b'gmake: *** [Makefile:267: cmake_check_build_system] Error 1\n'}
[0.384776] (cpp_pubsub) CommandEnded: {'returncode': 2}
[0.385163] (cpp_pubsub) JobEnded: {'identifier': 'cpp_pubsub', 'rc': 2}
[0.400413] (-) TimerEvent: {}
[0.418727] (my_package_class) JobEnded: {'identifier': 'my_package_class', 'rc': 'SIGINT'}
[0.429124] (-) EventReactorShutdown: {}
