[0.014s] Invoking command in '/home/leyla/Desktop/clase1/ejemplo1_ws/build/cpp_pubsub': /usr/bin/cmake --build /home/leyla/Desktop/clase1/ejemplo1_ws/build/cpp_pubsub -- -j20 -l20
[0.035s] -- Found ament_cmake: 1.3.11 (/opt/ros/humble/share/ament_cmake/cmake)
[0.120s] -- Found rclcpp: 16.0.11 (/opt/ros/humble/share/rclcpp/cmake)
[0.141s] -- Found rosidl_generator_c: 3.1.6 (/opt/ros/humble/share/rosidl_generator_c/cmake)
[0.143s] -- Found rosidl_adapter: 3.1.6 (/opt/ros/humble/share/rosidl_adapter/cmake)
[0.147s] -- Found rosidl_generator_cpp: 3.1.6 (/opt/ros/humble/share/rosidl_generator_cpp/cmake)
[0.154s] -- Using all available rosidl_typesupport_c: rosidl_typesupport_fastrtps_c;rosidl_typesupport_introspection_c
[0.162s] -- Using all available rosidl_typesupport_cpp: rosidl_typesupport_fastrtps_cpp;rosidl_typesupport_introspection_cpp
[0.182s] -- Found rmw_implementation_cmake: 6.1.2 (/opt/ros/humble/share/rmw_implementation_cmake/cmake)
[0.183s] -- Found rmw_fastrtps_cpp: 6.2.7 (/opt/ros/humble/share/rmw_fastrtps_cpp/cmake)
[0.254s] -- Using RMW implementation 'rmw_fastrtps_cpp' as default
[0.286s] -- Found ament_lint_auto: 0.12.11 (/opt/ros/humble/share/ament_lint_auto/cmake)
[0.319s] Error parsing '/home/leyla/Desktop/clase1/ejemplo1_ws/src/cpp_pubsub/package.xml':
[0.355s] Traceback (most recent call last):
[0.355s]   File "/usr/lib/python3/dist-packages/catkin_pkg/package.py", line 610, in parse_package_string
[0.355s]     root = dom.parseString(data)
[0.355s]   File "/usr/lib/python3.10/xml/dom/minidom.py", line 2000, in parseString
[0.355s]     return expatbuilder.parseString(string)
[0.355s]   File "/usr/lib/python3.10/xml/dom/expatbuilder.py", line 925, in parseString
[0.356s]     return builder.parseString(string)
[0.356s]   File "/usr/lib/python3.10/xml/dom/expatbuilder.py", line 223, in parseString
[0.356s]     parser.Parse(string, True)
[0.356s] xml.parsers.expat.ExpatError: XML or text declaration not at start of entity: line 4, column 0
[0.356s] 
[0.356s] During handling of the above exception, another exception occurred:
[0.356s] 
[0.356s] Traceback (most recent call last):
[0.356s]   File "/opt/ros/humble/share/ament_cmake_core/cmake/core/package_xml_2_cmake.py", line 150, in <module>
[0.356s]     main()
[0.356s]   File "/opt/ros/humble/share/ament_cmake_core/cmake/core/package_xml_2_cmake.py", line 53, in main
[0.356s]     raise e
[0.356s]   File "/opt/ros/humble/share/ament_cmake_core/cmake/core/package_xml_2_cmake.py", line 49, in main
[0.356s]     package = parse_package_string(
[0.356s]   File "/usr/lib/python3/dist-packages/catkin_pkg/package.py", line 612, in parse_package_string
[0.357s]     raise InvalidPackage('The manifest contains invalid XML:\n%s' % ex, filename)
[0.357s] catkin_pkg.package.InvalidPackage: Error(s) in package '/home/leyla/Desktop/clase1/ejemplo1_ws/src/cpp_pubsub/package.xml':
[0.357s] The manifest contains invalid XML:
[0.357s] XML or text declaration not at start of entity: line 4, column 0
[0.367s] [31mCMake Error at /opt/ros/humble/share/ament_cmake_core/cmake/core/ament_package_xml.cmake:95 (message):
[0.367s]   execute_process(/usr/bin/python3
[0.367s]   /opt/ros/humble/share/ament_cmake_core/cmake/core/package_xml_2_cmake.py
[0.367s]   /home/leyla/Desktop/clase1/ejemplo1_ws/src/cpp_pubsub/package.xml
[0.367s]   /home/leyla/Desktop/clase1/ejemplo1_ws/build/cpp_pubsub/ament_cmake_core/package.cmake)
[0.367s]   returned error code 1
[0.367s] Call Stack (most recent call first):
[0.368s]   /opt/ros/humble/share/ament_cmake_core/cmake/core/ament_package_xml.cmake:49 (_ament_package_xml)
[0.368s]   /opt/ros/humble/share/ament_lint_auto/cmake/ament_lint_auto_find_test_dependencies.cmake:31 (ament_package_xml)
[0.368s]   CMakeLists.txt:43 (ament_lint_auto_find_test_dependencies)
[0.368s] 
[0.368s] [0m
[0.368s] -- Configuring incomplete, errors occurred!
[0.368s] See also "/home/leyla/Desktop/clase1/ejemplo1_ws/build/cpp_pubsub/CMakeFiles/CMakeOutput.log".
[0.374s] gmake: *** [Makefile:267: cmake_check_build_system] Error 1
[0.376s] Invoked command in '/home/leyla/Desktop/clase1/ejemplo1_ws/build/cpp_pubsub' returned '2': /usr/bin/cmake --build /home/leyla/Desktop/clase1/ejemplo1_ws/build/cpp_pubsub -- -j20 -l20
